  LINGO/WIN64 18.0.0.44 (25 Mar 2019)
 
  LINDO API 12.0.3977.143 (Mar 14 2019 06:00:17)
 
  Copyright (C) 2011-2018 LINDO Systems Inc. Licensed material,
  all rights reserved. Copying except as authorized in license
  agreement is prohibited.
 
  License location: E:\Tools\LINGO64_18\lndlng18.lic
 
  Fenerbahce            
 
  Licensed for commercial use.
  Branch-and-bound solver enabled.
  Nonlinear solver enabled.
  Barrier solver enabled.
  Global solver enabled.
  Integer solver enabled.
  Stochastic solver enabled.
  Conic solver enabled.
 
 
   Parameter        Old Value     New Value
    ECHOIN             0             1
 
: SET TERSEO 0
 
   Parameter        Old Value     New Value
    TERSEO             0             0
 
...[model echo trimmed: q4_lb.lng 1.3 MB inline DATA]...
?  242.274 242.298 242.332 242.375 242.414 242.448 242.482 242.514
?  242.546 242.579 242.621 242.673 242.714 242.757 242.799 242.837
?  242.879 242.913 242.949 242.990 243.031 243.082 243.126 243.177
?  243.225 243.265 243.301 243.342 243.388 243.440 243.491 243.535
?  243.585 243.627 243.672 243.732 243.783 243.844 243.900 243.950
?  243.994 244.043 244.103 244.160 244.210 244.269 244.320 244.378
?  244.429 244.477 244.532 244.592 244.653 244.713 244.774 244.834
?  244.889 244.937 244.990 245.047 245.116 245.197 245.268 245.328
?  245.387 245.444 245.501 245.558 245.625 245.703 245.765 245.817
?  245.866 245.914 245.969 246.029 246.089 246.150 246.210 246.257
?  246.311 246.372 246.431 246.493 246.547 246.595 246.653 246.722
?  246.793 246.866 246.927 246.974 247.026 247.083 247.145 247.194
?  247.243 247.300 247.352 247.395 247.440 247.488 247.538 247.596
?  247.647 247.685 247.722 247.765 247.808 247.851 247.888 247.918
?  247.958 248.010 248.065 248.121 248.171 248.214 248.251 248.281
?  248.321 248.365 248.388 248.413 248.440 248.475 248.509 248.544
?  248.573 248.590 248.608 248.625 248.635 248.638 248.653 248.679
?  248.708 248.739 248.756 248.759 248.774 248.795 248.800 248.800
?  248.804 248.805 248.805 248.805 248.805 248.805 248.805 248.803
?  248.798 248.797 248.788 248.759 248.752 248.752 248.742 248.724
?  248.699 248.673 248.647 248.621 248.595 248.569 248.543 248.517
?  248.499 248.476 248.440 248.406 248.354 248.302 248.250 248.198
?  248.146 248.088 248.028 247.967 247.913 247.846 247.777 247.707
?  247.638 247.568 247.492 247.414 247.331 247.235 247.139 247.044
?  246.955 246.849 246.740 246.636 246.529 246.392 246.274 246.176
?  246.070 245.951 245.827 245.690 245.561 245.422 245.287 245.156
?  245.028 244.904 244.772 244.633 244.493 244.353 244.221 244.097
?  243.961 243.812 243.668 243.529 243.385 243.236 243.092 242.953
?  242.816 242.683 242.542 242.394 242.245 242.097 241.956 241.823
?  241.678 241.520 241.368 241.219 241.074 240.932 240.774 240.602
?  240.442 240.294 240.148 240.006 239.863 239.721 239.567 239.401
?  239.239 239.082 238.920 238.754 238.593 238.436 238.281 238.130
?  237.971 237.805 237.639 237.473 237.307 237.141 236.982 236.831
?  236.668 236.493 236.322 236.156 235.993 235.833 235.665 235.490
?  235.315 235.140 234.966 234.791 234.616 234.441 234.266 234.091
?  233.924 233.763 233.598 233.428 233.245 233.047 232.861 232.686
?  232.514 232.344 232.174 232.004 231.823 231.631 231.436 231.238
?  231.055 230.885 230.710 230.532 230.339 230.133 229.938 229.754
?  229.573 229.394 229.215 229.036 228.846 228.645 228.441 228.235;
? ENDDATA
?  @FOR( ARC: @BND( 0, Z, 1));
?  @FOR( ARC( I, J) | ( L( J) - U( I) ) #GT# S( I, J): Z( I, J) <= 0 );
?  @FOR( BAND( K) | SBOK( K) #LT# 0.5: SB( K) <= 0 );
?  @FOR( BAND( K) | SEOK( K) #LT# 0.5: SE( K) <= 0 );
?  [FIXS] @SUM( BAND: SB) = 1;
?  [FIXT] @SUM( BAND: SE) = 1;
?  @FOR( BAND( K): [BAL] @SUM( ARC( I, K): Z( I, K)) + SB( K)
?     - @SUM( ARC( K, J): Z( K, J)) - SE( K) = 0 );
?  ! SE is the sink-exit arc only and is not a line, line count = SB + Z arcs;
?  [OBJ] MIN = @SUM( ARC: Z) + @SUM( BAND: SB);
? END
: GO
  Compiling model ...
  Structural analysis, pass 1 ...
 
 [Error Code:   62]
 
  Ran out of workspace in model generation. (8)
 
: QUIT
