  LINGO/WIN64 18.0.0.44 (25 Mar 2019)
 
  LINDO API 12.0.3977.143 (Mar 14 2019 06:00:17)
 
  Copyright (C) 2011-2018 LINDO Systems Inc. Licensed material,
  all rights reserved. Copying except as authorized in license
  agreement is prohibited.
 
  License location: E:\Tools\LINGO64_18\lndlng18.lic
 
  Fenerbahce            
 
  Licensed for commercial use.
  Branch-and-bound solver enabled.
  Nonlinear solver enabled.
  Barrier solver enabled.
  Global solver enabled.
  Integer solver enabled.
  Stochastic solver enabled.
  Conic solver enabled.
 
 
   Parameter        Old Value     New Value
    ECHOIN             0             1
 
: SET TERSEO 0
 
   Parameter        Old Value     New Value
    TERSEO             0             0
 
: SET DUALCO 1
 
   Parameter        Old Value     New Value
    DUALCO             1             1
 
: TAKE E:/Test/question2/lingo_runs/q3_feas_n34/q3_feas.lng
: MODEL:
? ! Q3 feasibility: 34 N-S survey lines, x_i east-positive (m);
? ! D(x)=110-T*x, eE=SF*D/(CF+T*SF), eW=SF*D/(CF-T*SF), W=eE+eW;
? SETS:
?  LN /1..34/: X;
? ENDSETS
? DATA:
?  C1 = 0.52267727; C2 = 0.47732273; SF = 0.86602540; T = 0.02618595;
? ENDDATA
?  [WB] X(1) - SF*(110 - T*X(1))/C2 <= -3704;
?  @FOR( LN( I) | I #GT# 1:
?     [ORD] X( I) - X( I - 1) >= 1;
?     [OVLO] X( I - 1) + SF*(110 - T*X( I - 1))/C1 - X( I) + SF*(110 - T*X( I))/C2 -
?     [OVHI] X( I - 1) + SF*(110 - T*X( I - 1))/C1 - X( I) + SF*(110 - T*X( I))/C2 -
?  [EB] X(34) + SF*(110 - T*X(34))/C1 >= 3704;
?  @FOR( LN: @BND( -3704, X, 3704));
?  [OBJ] MIN = X(1);
? END
: GO
  Compiling model ...
  Structural analysis, pass 1 ...
  Scalarizing model ...
  Generating nonzero matrix ...
  Solving ...
 
  Global optimal solution found.
  Objective value:                             -3586.961
  Infeasibilities:                              0.000000
  Total solver iterations:                            41
  Elapsed runtime seconds:                          0.00
 
  Model Class:                                        LP
 
  Total variables:                     34
  Nonlinear variables:                  0
  Integer variables:                    0
 
  Total constraints:                  102
  Nonlinear constraints:                0
 
  Total nonzeros:                     201
  Nonlinear nonzeros:                   0
 
 
 
                                Variable           Value        Reduced Cost
                                      C1       0.5226773            0.000000
                                      C2       0.4773227            0.000000
                                      SF       0.8660254            0.000000
                                       T       0.2618595E-01        0.000000
                                   X( 1)       -3586.961            0.000000
                                   X( 2)       -2973.438            0.000000
                                   X( 3)       -2408.249            0.000000
                                   X( 4)       -1887.586            0.000000
                                   X( 5)       -1407.942            0.000000
                                   X( 6)       -966.0840            0.000000
                                   X( 7)       -559.0366            0.000000
                                   X( 8)       -184.0569            0.000000
                                   X( 9)        161.3815            0.000000
                                  X( 10)        479.6059            0.000000
                                  X( 11)        772.7602            0.000000
                                  X( 12)        1042.819            0.000000
                                  X( 13)        1291.603            0.000000
                                  X( 14)        1520.787            0.000000
                                  X( 15)        1731.916            0.000000
                                  X( 16)        1926.412            0.000000
                                  X( 17)        2105.585            0.000000
                                  X( 18)        2270.643            0.000000
                                  X( 19)        2422.697            0.000000
                                  X( 20)        2562.772            0.000000
                                  X( 21)        2691.812            0.000000
                                  X( 22)        2810.686            0.000000
                                  X( 23)        2920.195            0.000000
                                  X( 24)        3021.077            0.000000
                                  X( 25)        3114.011            0.000000
                                  X( 26)        3199.624            0.000000
                                  X( 27)        3278.492            0.000000
                                  X( 28)        3351.146            0.000000
                                  X( 29)        3418.077            0.000000
                                  X( 30)        3479.735            0.000000
                                  X( 31)        3536.536            0.000000
                                  X( 32)        3588.861            0.000000
                                  X( 33)        3637.065            0.000000
                                  X( 34)        3681.471            0.000000
 
                                     Row    Slack or Surplus      Dual Price
                                      WB        252.9558            0.000000
                                 ORD( 2)        612.5232            0.000000
                                OVLO( 2)        0.000000           -1.045355
                                OVHI( 2)        65.21155            0.000000
                                 ORD( 3)        564.1892            0.000000
                                OVLO( 3)        0.000000           -1.134753
                                OVHI( 3)        60.07411            0.000000
                                 ORD( 4)        519.6629            0.000000
                                OVLO( 4)        0.000000           -1.231795
                                OVHI( 4)        55.34140            0.000000
                                 ORD( 5)        478.6444            0.000000
                                OVLO( 5)        0.000000           -1.337136
                                OVHI( 5)        50.98154            0.000000
                                 ORD( 6)        440.8575            0.000000
                                OVLO( 6)        0.000000           -1.451486
                                OVHI( 6)        46.96515            0.000000
                                 ORD( 7)        406.0474            0.000000
                                OVLO( 7)        0.000000           -1.575615
                                OVHI( 7)        43.26518            0.000000
                                 ORD( 8)        373.9797            0.000000
                                OVLO( 8)        0.000000           -1.710359
                                OVHI( 8)        39.85670            0.000000
                                 ORD( 9)        344.4384            0.000000
                                OVLO( 9)        0.000000           -1.856626
                                OVHI( 9)        36.71674            0.000000
                                ORD( 10)        317.2244            0.000000
                               OVLO( 10)        0.000000           -2.015402
                               OVHI( 10)        33.82415            0.000000
                                ORD( 11)        292.1543            0.000000
                               OVLO( 11)        0.000000           -2.187756
                               OVHI( 11)        31.15945            0.000000
                                ORD( 12)        269.0592            0.000000
                               OVLO( 12)        0.000000           -2.374849
                               OVHI( 12)        28.70467            0.000000
                                ORD( 13)        247.7836            0.000000
                               OVLO( 13)        0.000000           -2.577942
                               OVHI( 13)        26.44328            0.000000
                                ORD( 14)        228.1842            0.000000
                               OVLO( 14)        0.000000           -2.798404
                               OVHI( 14)        24.36005            0.000000
                                ORD( 15)        210.1288            0.000000
                               OVLO( 15)        0.000000           -3.037719
                               OVHI( 15)        22.44093            0.000000
                                ORD( 16)        193.4958            0.000000
                               OVLO( 16)        0.000000           -3.297500
                               OVHI( 16)        20.67301            0.000000
                                ORD( 17)        178.1732            0.000000
                               OVLO( 17)        0.000000           -3.579497
                               OVHI( 17)        19.04437            0.000000
                                ORD( 18)        164.0577            0.000000
                               OVLO( 18)        0.000000           -3.885610
                               OVHI( 18)        17.54403            0.000000
                                ORD( 19)        151.0543            0.000000
                               OVLO( 19)        0.000000           -4.217901
                               OVHI( 19)        16.16189            0.000000
                                ORD( 20)        139.0752            0.000000
                               OVLO( 20)        0.000000           -4.578610
                               OVHI( 20)        14.88864            0.000000
                                ORD( 21)        128.0400            0.000000
                               OVLO( 21)        0.000000           -4.970165
                               OVHI( 21)        13.71569            0.000000
                                ORD( 22)        117.8740            0.000000
                               OVLO( 22)        0.000000           -5.395206
                               OVHI( 22)        12.63515            0.000000
                                ORD( 23)        108.5090            0.000000
                               OVLO( 23)        0.000000           -5.856595
                               OVHI( 23)        11.63974            0.000000
                                ORD( 24)        99.88174            0.000000
                               OVLO( 24)        0.000000           -6.357442
                               OVHI( 24)        10.72275            0.000000
                                ORD( 25)        91.93416            0.000000
                               OVLO( 25)        0.000000           -6.901121
                               OVHI( 25)        9.877997            0.000000
                                ORD( 26)        84.61270            0.000000
                               OVLO( 26)        0.000000           -7.491294
                               OVHI( 26)        9.099797            0.000000
                                ORD( 27)        77.86803            0.000000
                               OVLO( 27)        0.000000           -8.131937
                               OVHI( 27)        8.382904            0.000000
                                ORD( 28)        71.65471            0.000000
                               OVLO( 28)        0.000000           -8.827368
                               OVHI( 28)        7.722489            0.000000
                                ORD( 29)        65.93089            0.000000
                               OVLO( 29)        0.000000           -9.582271
                               OVHI( 29)        7.114102            0.000000
                                ORD( 30)        60.65799            0.000000
                               OVLO( 30)        0.000000           -10.40173
                               OVHI( 30)        6.553645            0.000000
                                ORD( 31)        55.80050            0.000000
                               OVLO( 31)        0.000000           -11.29127
                               OVHI( 31)        6.037341            0.000000
                                ORD( 32)        51.32569            0.000000
                               OVLO( 32)        0.000000           -12.25688
                               OVHI( 32)        5.561712            0.000000
                                ORD( 33)        47.20341            0.000000
                               OVLO( 33)        0.000000           -13.30507
                               OVHI( 33)        5.123554            0.000000
                                ORD( 34)        43.40589            0.000000
                               OVLO( 34)        0.000000           -14.44290
                               OVHI( 34)        4.719914            0.000000
                                      EB        0.000000           -15.67804
                                     OBJ       -3586.961           -1.000000
 
: QUIT
